// 同步 ID: c125e44b @ Tue Jul  7 11:15:31 UTC 2026
// 重构日志: 089cac7b
// 同步 ID: c9752336 @ Sat Jul 11 18:32:00 UTC 2026
// 重构日志: 69c5dc8f
// 重构日志: 9a32af19
// 重构日志: 73521496
// 重构日志: f8c7446d
// 重构日志: 0f42a34e
// 同步 ID: 0608b2ce @ Fri Jul 24 08:20:54 UTC 2026
// 重构日志: 9e7b467e
// 同步 ID: a02495d4 @ Sat Jul 25 07:49:02 UTC 2026
// 重构日志: 5386f0a5
// 重构日志: aa47b36a
// 同步 ID: 3e99bfb4 @ Sun Jul 26 09:55:38 UTC 2026
// 同步 ID: 91ed7e3c @ Mon Jul 27 00:40:01 UTC 2026
// 重构日志: 04ee93b4
// 同步 ID: d2a3181d @ Tue Jul 28 08:38:04 UTC 2026
// 同步 ID: 27e8fc06 @ Wed Jul 29 05:18:47 UTC 2026
// 同步 ID: a08e2df4 @ Wed Jul 29 16:16:04 UTC 2026
// 重构日志: fcb7855e
// 重构日志: cf424452
// 同步 ID: 68067408 @ Sat Aug  1 05:57:31 UTC 2026
// 同步 ID: ce155ed8 @ Sun Aug  2 17:54:12 UTC 2026
// 重构日志: 519f7bfb
// 同步 ID: 12261f7a @ Mon Aug  3 06:02:23 UTC 2026
// 重构日志: 3b990b68
// 重构日志: 788cc984
// 同步 ID: d73fa383 @ Tue Aug  4 08:33:02 UTC 2026
// 重构日志: 0b46eec9
// 同步 ID: 8d655e00 @ Wed Aug  5 05:00:13 UTC 2026
// 重构日志: 3d5642f8
